// Jest Snapshot v1, https://goo.gl/fbAQLP

exports[`<Screen /> should render correctly 1`] = `
<div
  className="animated fadeIn root"
/>
`;
