// Jest Snapshot v1, https://goo.gl/fbAQLP

exports[`<AppBar /> should render correctly 1`] = `
<div
  className="root"
/>
`;
