// Jest Snapshot v1, https://goo.gl/fbAQLP

exports[`<Root /> should render correctly 1`] = `
<Provider
  store={
    Object {
      "dispatch": [Function],
      "getState": [Function],
      "replaceReducer": [Function],
      "subscribe": [Function],
      Symbol(observable): [Function],
    }
  }
>
  <BrowserRouter>
    <Main>
      <Route
        component={[Function]}
        exact={true}
        path="/"
      />
      <Route
        component={
          Object {
            "$$typeof": Symbol(react.memo),
            "WrappedComponent": [Function],
            "compare": null,
            "displayName": "Connect(ReduxView)",
            "type": [Function],
          }
        }
        exact={true}
        path="/redux"
      />
    </Main>
  </BrowserRouter>
</Provider>
`;
