// Jest Snapshot v1, https://goo.gl/fbAQLP

exports[`<AppBarButton /> should render correctly 1`] = `
<button
  className="root"
  onClick={null}
  type="button"
/>
`;
